I'm sorry, but errors were detected in your script. Please correct the
errors listed below, and try again.


File "game/script.rpy", line 1594: expected statement.
    fade
        ^

Ren'Py Version: Ren'Py 7.0.0.196
Thu Aug 30 13:29:32 2018
